// Jest Snapshot v1, https://goo.gl/fbAQLP

exports[`adapter can fetch features from dcc_test_data.tsv 1`] = `
Array [
  "1",
  "2",
  "3",
  "4",
  "5",
  "6",
  "7",
  "8",
  "9",
  "10",
  "11",
  "12",
  "13",
  "14",
  "15",
  "16",
  "17",
  "18",
  "19",
  "20",
  "21",
  "22",
  "X",
  "Y",
]
`;

exports[`adapter can fetch features from dcc_test_data.tsv 2`] = `Array []`;
